

HelpUri            : 
FileVersionInfo    : File:             D:\Programs\MiKTeX\miktex\bin\x64\lualatex.exe
                     InternalName:     luahbtex
                     OriginalFilename: miktex-luahbtex.exe
                     FileVersion:      4.25.0 (1.24.0)
                     FileDescription:  LuaHBTeX - a TeX engine with embedded HarfBuzz and Lua
                     Product:          MiKTeX
                     ProductVersion:   25.12
                     Debug:            True
                     Patched:          False
                     PreRelease:       False
                     PrivateBuild:     False
                     SpecialBuild:     False
                     Language:         English (United States)
                     
Path               : D:\Programs\MiKTeX\miktex\bin\x64\lualatex.exe
Extension          : .exe
Definition         : D:\Programs\MiKTeX\miktex\bin\x64\lualatex.exe
Source             : D:\Programs\MiKTeX\miktex\bin\x64\lualatex.exe
Version            : 25.12.0.0
Visibility         : Public
OutputType         : {System.String}
Name               : lualatex.exe
CommandType        : Application
ModuleName         : 
Module             : 
RemotingCapability : PowerShell
Parameters         : 
ParameterSets      : 




