

HelpUri            : 
FileVersionInfo    : File:             D:\Programs\MiKTeX\miktex\bin\x64\pdflatex.exe
                     InternalName:     pdftex
                     OriginalFilename: miktex-pdftex.exe
                     FileVersion:      4.23.0 (1.40.28)
                     FileDescription:  pdfTeX - an extension of Knuth's typesetting program TeX
                     Product:          MiKTeX
                     ProductVersion:   25.12
                     Debug:            True
                     Patched:          False
                     PreRelease:       False
                     PrivateBuild:     False
                     SpecialBuild:     False
                     Language:         English (United States)
                     
Path               : D:\Programs\MiKTeX\miktex\bin\x64\pdflatex.exe
Extension          : .exe
Definition         : D:\Programs\MiKTeX\miktex\bin\x64\pdflatex.exe
Source             : D:\Programs\MiKTeX\miktex\bin\x64\pdflatex.exe
Version            : 25.12.0.0
Visibility         : Public
OutputType         : {System.String}
Name               : pdflatex.exe
CommandType        : Application
ModuleName         : 
Module             : 
RemotingCapability : PowerShell
Parameters         : 
ParameterSets      : 




